// Jest Snapshot v1, https://goo.gl/fbAQLP

exports[`Event should render correctly with props 1`] = `
<a
  className="event container column"
  href="/event/_fakeId"
>
  <img
    className="list-item-img event-img"
    src="https://www.w3schools.com/w3css/img_fjords.jpg"
  />
  <div
    className="event-text"
  >
    <div
      className="list-item-name event-name"
    >
      Some Awesome Event
    </div>
    <div
      className="list-item-bio event-bio"
    >
      This is a really cool event
    </div>
  </div>
</a>
`;
